[2026-09-21T22:38:48.280+0000] {manager.py:470} INFO - Processing files using up to 2 processes at a time 
[2026-09-21T22:38:48.283+0000] {manager.py:471} INFO - Process each file at most once every 30 seconds
[2026-09-21T22:38:48.287+0000] {manager.py:472} INFO - Checking for new files in /opt/airflow/dags every 300 seconds
[2026-09-21T22:38:48.290+0000] {manager.py:737} INFO - Searching for files in /opt/airflow/dags
[2026-09-21T22:38:48.346+0000] {manager.py:740} INFO - There are 1 files in /opt/airflow/dags
[2026-09-21T22:38:48.805+0000] {manager.py:878} INFO - 
================================================================================
DAG File Processing Stats

File Path                                   PID  Runtime      # DAGs    # Errors  Last Runtime    Last Run
----------------------------------------  -----  ---------  --------  ----------  --------------  ----------
/opt/airflow/dags/transaction_etl_dag.py    196  0.17s             0           0
================================================================================
[2026-09-21T22:39:19.148+0000] {manager.py:878} INFO - 
================================================================================
DAG File Processing Stats

File Path                                 PID    Runtime      # DAGs    # Errors  Last Runtime    Last Run
----------------------------------------  -----  ---------  --------  ----------  --------------  -------------------
/opt/airflow/dags/transaction_etl_dag.py                           1           0  1.08s           2026-09-21T22:38:49
================================================================================
[2026-09-21T22:39:49.165+0000] {manager.py:878} INFO - 
================================================================================
DAG File Processing Stats

File Path                                 PID    Runtime      # DAGs    # Errors  Last Runtime    Last Run
----------------------------------------  -----  ---------  --------  ----------  --------------  -------------------
/opt/airflow/dags/transaction_etl_dag.py                           1           0  0.65s           2026-09-21T22:39:20
================================================================================
[2026-09-21T22:40:19.668+0000] {manager.py:878} INFO - 
================================================================================
DAG File Processing Stats

File Path                                 PID    Runtime      # DAGs    # Errors  Last Runtime    Last Run
----------------------------------------  -----  ---------  --------  ----------  --------------  -------------------
/opt/airflow/dags/transaction_etl_dag.py                           1           0  0.28s           2026-09-21T22:39:51
================================================================================
[2026-09-21T22:40:50.099+0000] {manager.py:878} INFO - 
================================================================================
DAG File Processing Stats

File Path                                 PID    Runtime      # DAGs    # Errors  Last Runtime    Last Run
----------------------------------------  -----  ---------  --------  ----------  --------------  -------------------
/opt/airflow/dags/transaction_etl_dag.py                           1           0  0.35s           2026-09-21T22:40:22
================================================================================
[2026-09-21T22:41:20.618+0000] {manager.py:878} INFO - 
================================================================================
DAG File Processing Stats

File Path                                 PID    Runtime      # DAGs    # Errors  Last Runtime    Last Run
----------------------------------------  -----  ---------  --------  ----------  --------------  -------------------
/opt/airflow/dags/transaction_etl_dag.py                           1           0  0.26s           2026-09-21T22:40:52
================================================================================
[2026-09-21T22:41:50.931+0000] {manager.py:878} INFO - 
================================================================================
DAG File Processing Stats

File Path                                 PID    Runtime      # DAGs    # Errors  Last Runtime    Last Run
----------------------------------------  -----  ---------  --------  ----------  --------------  -------------------
/opt/airflow/dags/transaction_etl_dag.py                           1           0  0.22s           2026-09-21T22:41:22
================================================================================
[2026-09-21T22:42:21.396+0000] {manager.py:878} INFO - 
================================================================================
DAG File Processing Stats

File Path                                 PID    Runtime      # DAGs    # Errors  Last Runtime    Last Run
----------------------------------------  -----  ---------  --------  ----------  --------------  -------------------
/opt/airflow/dags/transaction_etl_dag.py                           1           0  0.23s           2026-09-21T22:41:53
================================================================================
[2026-09-21T22:42:51.660+0000] {manager.py:878} INFO - 
================================================================================
DAG File Processing Stats

File Path                                 PID    Runtime      # DAGs    # Errors  Last Runtime    Last Run
----------------------------------------  -----  ---------  --------  ----------  --------------  -------------------
/opt/airflow/dags/transaction_etl_dag.py                           1           0  0.21s           2026-09-21T22:42:23
================================================================================
[2026-09-21T22:43:22.115+0000] {manager.py:878} INFO - 
================================================================================
DAG File Processing Stats

File Path                                 PID    Runtime      # DAGs    # Errors  Last Runtime    Last Run
----------------------------------------  -----  ---------  --------  ----------  --------------  -------------------
/opt/airflow/dags/transaction_etl_dag.py                           1           0  0.28s           2026-09-21T22:42:53
================================================================================
[2026-09-21T22:43:48.484+0000] {manager.py:737} INFO - Searching for files in /opt/airflow/dags
[2026-09-21T22:43:48.520+0000] {manager.py:740} INFO - There are 1 files in /opt/airflow/dags
[2026-09-21T22:43:52.587+0000] {manager.py:878} INFO - 
================================================================================
DAG File Processing Stats

File Path                                 PID    Runtime      # DAGs    # Errors  Last Runtime    Last Run
----------------------------------------  -----  ---------  --------  ----------  --------------  -------------------
/opt/airflow/dags/transaction_etl_dag.py                           1           0  0.23s           2026-09-21T22:43:24
================================================================================
[2026-09-21T22:44:22.979+0000] {manager.py:878} INFO - 
================================================================================
DAG File Processing Stats

File Path                                 PID    Runtime      # DAGs    # Errors  Last Runtime    Last Run
----------------------------------------  -----  ---------  --------  ----------  --------------  -------------------
/opt/airflow/dags/transaction_etl_dag.py                           1           0  0.28s           2026-09-21T22:43:54
================================================================================
[2026-09-21T22:44:53.499+0000] {manager.py:878} INFO - 
================================================================================
DAG File Processing Stats

File Path                                 PID    Runtime      # DAGs    # Errors  Last Runtime    Last Run
----------------------------------------  -----  ---------  --------  ----------  --------------  -------------------
/opt/airflow/dags/transaction_etl_dag.py                           1           0  0.21s           2026-09-21T22:44:25
================================================================================
[2026-09-21T22:45:23.896+0000] {manager.py:878} INFO - 
================================================================================
DAG File Processing Stats

File Path                                 PID    Runtime      # DAGs    # Errors  Last Runtime    Last Run
----------------------------------------  -----  ---------  --------  ----------  --------------  -------------------
/opt/airflow/dags/transaction_etl_dag.py                           1           0  0.31s           2026-09-21T22:44:55
================================================================================
[2026-09-21T22:45:54.629+0000] {manager.py:878} INFO - 
================================================================================
DAG File Processing Stats

File Path                                 PID    Runtime      # DAGs    # Errors  Last Runtime    Last Run
----------------------------------------  -----  ---------  --------  ----------  --------------  -------------------
/opt/airflow/dags/transaction_etl_dag.py                           1           0  0.30s           2026-09-21T22:45:26
================================================================================
[2026-09-21T22:46:24.956+0000] {manager.py:878} INFO - 
================================================================================
DAG File Processing Stats

File Path                                 PID    Runtime      # DAGs    # Errors  Last Runtime    Last Run
----------------------------------------  -----  ---------  --------  ----------  --------------  -------------------
/opt/airflow/dags/transaction_etl_dag.py                           1           0  0.22s           2026-09-21T22:45:56
================================================================================
[2026-09-21T22:46:55.491+0000] {manager.py:878} INFO - 
================================================================================
DAG File Processing Stats

File Path                                 PID    Runtime      # DAGs    # Errors  Last Runtime    Last Run
----------------------------------------  -----  ---------  --------  ----------  --------------  -------------------
/opt/airflow/dags/transaction_etl_dag.py                           1           0  0.21s           2026-09-21T22:46:27
================================================================================
[2026-09-21T22:47:25.837+0000] {manager.py:878} INFO - 
================================================================================
DAG File Processing Stats

File Path                                 PID    Runtime      # DAGs    # Errors  Last Runtime    Last Run
----------------------------------------  -----  ---------  --------  ----------  --------------  -------------------
/opt/airflow/dags/transaction_etl_dag.py                           1           0  0.21s           2026-09-21T22:46:57
================================================================================
[2026-09-21T22:47:56.368+0000] {manager.py:878} INFO - 
================================================================================
DAG File Processing Stats

File Path                                 PID    Runtime      # DAGs    # Errors  Last Runtime    Last Run
----------------------------------------  -----  ---------  --------  ----------  --------------  -------------------
/opt/airflow/dags/transaction_etl_dag.py                           1           0  0.24s           2026-09-21T22:47:28
================================================================================
[2026-09-21T22:48:26.795+0000] {manager.py:878} INFO - 
================================================================================
DAG File Processing Stats

File Path                                 PID    Runtime      # DAGs    # Errors  Last Runtime    Last Run
----------------------------------------  -----  ---------  --------  ----------  --------------  -------------------
/opt/airflow/dags/transaction_etl_dag.py                           1           0  0.27s           2026-09-21T22:47:58
================================================================================
[2026-09-21T22:48:49.268+0000] {manager.py:737} INFO - Searching for files in /opt/airflow/dags
[2026-09-21T22:48:49.295+0000] {manager.py:740} INFO - There are 1 files in /opt/airflow/dags
[2026-09-21T22:48:57.393+0000] {manager.py:878} INFO - 
================================================================================
DAG File Processing Stats

File Path                                 PID    Runtime      # DAGs    # Errors  Last Runtime    Last Run
----------------------------------------  -----  ---------  --------  ----------  --------------  -------------------
/opt/airflow/dags/transaction_etl_dag.py                           1           0  0.31s           2026-09-21T22:48:29
================================================================================
[2026-09-21T22:49:27.704+0000] {manager.py:878} INFO - 
================================================================================
DAG File Processing Stats

File Path                                 PID    Runtime      # DAGs    # Errors  Last Runtime    Last Run
----------------------------------------  -----  ---------  --------  ----------  --------------  -------------------
/opt/airflow/dags/transaction_etl_dag.py                           1           0  0.22s           2026-09-21T22:48:59
================================================================================
[2026-09-21T22:49:58.077+0000] {manager.py:878} INFO - 
================================================================================
DAG File Processing Stats

File Path                                 PID    Runtime      # DAGs    # Errors  Last Runtime    Last Run
----------------------------------------  -----  ---------  --------  ----------  --------------  -------------------
/opt/airflow/dags/transaction_etl_dag.py                           1           0  0.19s           2026-09-21T22:49:29
================================================================================
[2026-09-21T22:50:28.593+0000] {manager.py:878} INFO - 
================================================================================
DAG File Processing Stats

File Path                                 PID    Runtime      # DAGs    # Errors  Last Runtime    Last Run
----------------------------------------  -----  ---------  --------  ----------  --------------  -------------------
/opt/airflow/dags/transaction_etl_dag.py                           1           0  0.30s           2026-09-21T22:50:00
================================================================================
[2026-09-21T22:50:58.980+0000] {manager.py:878} INFO - 
================================================================================
DAG File Processing Stats

File Path                                 PID    Runtime      # DAGs    # Errors  Last Runtime    Last Run
----------------------------------------  -----  ---------  --------  ----------  --------------  -------------------
/opt/airflow/dags/transaction_etl_dag.py                           1           0  0.25s           2026-09-21T22:50:30
================================================================================
[2026-09-21T22:51:29.502+0000] {manager.py:878} INFO - 
================================================================================
DAG File Processing Stats

File Path                                 PID    Runtime      # DAGs    # Errors  Last Runtime    Last Run
----------------------------------------  -----  ---------  --------  ----------  --------------  -------------------
/opt/airflow/dags/transaction_etl_dag.py                           1           0  0.30s           2026-09-21T22:51:01
================================================================================
[2026-09-21T22:51:59.869+0000] {manager.py:878} INFO - 
================================================================================
DAG File Processing Stats

File Path                                 PID    Runtime      # DAGs    # Errors  Last Runtime    Last Run
----------------------------------------  -----  ---------  --------  ----------  --------------  -------------------
/opt/airflow/dags/transaction_etl_dag.py                           1           0  0.26s           2026-09-21T22:51:31
================================================================================
[2026-09-21T22:52:30.381+0000] {manager.py:878} INFO - 
================================================================================
DAG File Processing Stats

File Path                                 PID    Runtime      # DAGs    # Errors  Last Runtime    Last Run
----------------------------------------  -----  ---------  --------  ----------  --------------  -------------------
/opt/airflow/dags/transaction_etl_dag.py                           1           0  0.19s           2026-09-21T22:52:02
================================================================================
[2026-09-21T22:53:00.737+0000] {manager.py:878} INFO - 
================================================================================
DAG File Processing Stats

File Path                                 PID    Runtime      # DAGs    # Errors  Last Runtime    Last Run
----------------------------------------  -----  ---------  --------  ----------  --------------  -------------------
/opt/airflow/dags/transaction_etl_dag.py                           1           0  0.29s           2026-09-21T22:52:32
================================================================================
[2026-09-21T22:53:31.292+0000] {manager.py:878} INFO - 
================================================================================
DAG File Processing Stats

File Path                                 PID    Runtime      # DAGs    # Errors  Last Runtime    Last Run
----------------------------------------  -----  ---------  --------  ----------  --------------  -------------------
/opt/airflow/dags/transaction_etl_dag.py                           1           0  0.28s           2026-09-21T22:53:03
================================================================================
[2026-09-21T22:53:49.599+0000] {manager.py:737} INFO - Searching for files in /opt/airflow/dags
[2026-09-21T22:53:49.643+0000] {manager.py:740} INFO - There are 1 files in /opt/airflow/dags
[2026-09-21T22:54:01.764+0000] {manager.py:878} INFO - 
================================================================================
DAG File Processing Stats

File Path                                 PID    Runtime      # DAGs    # Errors  Last Runtime    Last Run
----------------------------------------  -----  ---------  --------  ----------  --------------  -------------------
/opt/airflow/dags/transaction_etl_dag.py                           1           0  0.41s           2026-09-21T22:53:33
================================================================================
[2026-09-21T22:54:32.414+0000] {manager.py:878} INFO - 
================================================================================
DAG File Processing Stats

File Path                                 PID    Runtime      # DAGs    # Errors  Last Runtime    Last Run
----------------------------------------  -----  ---------  --------  ----------  --------------  -------------------
/opt/airflow/dags/transaction_etl_dag.py                           1           0  0.23s           2026-09-21T22:54:04
================================================================================
[2026-09-21T22:55:03.349+0000] {manager.py:878} INFO - 
================================================================================
DAG File Processing Stats

File Path                                 PID    Runtime      # DAGs    # Errors  Last Runtime    Last Run
----------------------------------------  -----  ---------  --------  ----------  --------------  -------------------
/opt/airflow/dags/transaction_etl_dag.py                           1           0  0.39s           2026-09-21T22:54:34
================================================================================
[2026-09-21T22:55:33.809+0000] {manager.py:878} INFO - 
================================================================================
DAG File Processing Stats

File Path                                 PID    Runtime      # DAGs    # Errors  Last Runtime    Last Run
----------------------------------------  -----  ---------  --------  ----------  --------------  -------------------
/opt/airflow/dags/transaction_etl_dag.py                           1           0  0.42s           2026-09-21T22:55:05
================================================================================
[2026-09-21T22:56:04.181+0000] {manager.py:878} INFO - 
================================================================================
DAG File Processing Stats

File Path                                 PID    Runtime      # DAGs    # Errors  Last Runtime    Last Run
----------------------------------------  -----  ---------  --------  ----------  --------------  -------------------
/opt/airflow/dags/transaction_etl_dag.py                           1           0  0.27s           2026-09-21T22:55:36
================================================================================
[2026-09-21T22:56:34.861+0000] {manager.py:878} INFO - 
================================================================================
DAG File Processing Stats

File Path                                 PID    Runtime      # DAGs    # Errors  Last Runtime    Last Run
----------------------------------------  -----  ---------  --------  ----------  --------------  -------------------
/opt/airflow/dags/transaction_etl_dag.py                           1           0  0.29s           2026-09-21T22:56:06
================================================================================
[2026-09-21T22:57:05.489+0000] {manager.py:878} INFO - 
================================================================================
DAG File Processing Stats

File Path                                 PID    Runtime      # DAGs    # Errors  Last Runtime    Last Run
----------------------------------------  -----  ---------  --------  ----------  --------------  -------------------
/opt/airflow/dags/transaction_etl_dag.py                           1           0  0.27s           2026-09-21T22:56:37
================================================================================
[2026-09-21T22:57:35.552+0000] {manager.py:878} INFO - 
================================================================================
DAG File Processing Stats

File Path                                 PID    Runtime      # DAGs    # Errors  Last Runtime    Last Run
----------------------------------------  -----  ---------  --------  ----------  --------------  -------------------
/opt/airflow/dags/transaction_etl_dag.py                           1           0  0.66s           2026-09-21T22:57:08
================================================================================
[2026-09-21T22:58:05.580+0000] {manager.py:878} INFO - 
================================================================================
DAG File Processing Stats

File Path                                 PID    Runtime      # DAGs    # Errors  Last Runtime    Last Run
----------------------------------------  -----  ---------  --------  ----------  --------------  -------------------
/opt/airflow/dags/transaction_etl_dag.py                           1           0  0.61s           2026-09-21T22:57:39
================================================================================
[2026-09-21T22:58:35.974+0000] {manager.py:878} INFO - 
================================================================================
DAG File Processing Stats

File Path                                 PID    Runtime      # DAGs    # Errors  Last Runtime    Last Run
----------------------------------------  -----  ---------  --------  ----------  --------------  -------------------
/opt/airflow/dags/transaction_etl_dag.py                           1           0  0.52s           2026-09-21T22:58:09
================================================================================
[2026-09-21T22:58:49.830+0000] {manager.py:737} INFO - Searching for files in /opt/airflow/dags
[2026-09-21T22:58:49.934+0000] {manager.py:740} INFO - There are 1 files in /opt/airflow/dags
[2026-09-21T22:59:06.175+0000] {manager.py:878} INFO - 
================================================================================
DAG File Processing Stats

File Path                                 PID    Runtime      # DAGs    # Errors  Last Runtime    Last Run
----------------------------------------  -----  ---------  --------  ----------  --------------  -------------------
/opt/airflow/dags/transaction_etl_dag.py                           1           0  0.65s           2026-09-21T22:58:40
================================================================================
[2026-09-21T22:59:36.233+0000] {manager.py:878} INFO - 
================================================================================
DAG File Processing Stats

File Path                                 PID    Runtime      # DAGs    # Errors  Last Runtime    Last Run
----------------------------------------  -----  ---------  --------  ----------  --------------  -------------------
/opt/airflow/dags/transaction_etl_dag.py                           1           0  0.65s           2026-09-21T22:59:11
================================================================================
