[2026-09-21T22:43:05.666+0000] {local_task_job_runner.py:120} INFO - ::group::Pre task execution logs
[2026-09-21T22:43:05.725+0000] {taskinstance.py:2076} INFO - Dependencies all met for dep_context=non-requeueable deps ti=<TaskInstance: transaction_etl_pipeline.load manual__2026-09-21T22:42:54.441180+00:00 [queued]>
[2026-09-21T22:43:05.740+0000] {taskinstance.py:2076} INFO - Dependencies all met for dep_context=requeueable deps ti=<TaskInstance: transaction_etl_pipeline.load manual__2026-09-21T22:42:54.441180+00:00 [queued]>
[2026-09-21T22:43:05.741+0000] {taskinstance.py:2306} INFO - Starting attempt 1 of 1
[2026-09-21T22:43:05.761+0000] {taskinstance.py:2330} INFO - Executing <Task(_PythonDecoratedOperator): load> on 2026-09-21 22:42:54.441180+00:00
[2026-09-21T22:43:05.772+0000] {standard_task_runner.py:90} INFO - Running: ['***', 'tasks', 'run', 'transaction_etl_pipeline', 'load', 'manual__2026-09-21T22:42:54.441180+00:00', '--job-id', '9', '--raw', '--subdir', 'DAGS_FOLDER/transaction_etl_dag.py', '--cfg-path', '/tmp/tmp34n97b0m']
[2026-09-21T22:43:05.776+0000] {standard_task_runner.py:91} INFO - Job 9: Subtask load
[2026-09-21T22:43:05.776+0000] {logging_mixin.py:188} WARNING - /home/***/.local/lib/python3.12/site-packages/***/task/task_runner/standard_task_runner.py:62 DeprecationWarning: This process (pid=312) is multi-threaded, use of fork() may lead to deadlocks in the child.
[2026-09-21T22:43:05.778+0000] {standard_task_runner.py:64} INFO - Started process 313 to run task
[2026-09-21T22:43:05.843+0000] {task_command.py:426} INFO - Running <TaskInstance: transaction_etl_pipeline.load manual__2026-09-21T22:42:54.441180+00:00 [running]> on host 96c762a6c37c
[2026-09-21T22:43:06.224+0000] {taskinstance.py:2648} INFO - Exporting env vars: AIRFLOW_CTX_DAG_OWNER='***' AIRFLOW_CTX_DAG_ID='transaction_etl_pipeline' AIRFLOW_CTX_TASK_ID='load' AIRFLOW_CTX_EXECUTION_DATE='2026-09-21T22:42:54.441180+00:00' AIRFLOW_CTX_TRY_NUMBER='1' AIRFLOW_CTX_DAG_RUN_ID='manual__2026-09-21T22:42:54.441180+00:00'
[2026-09-21T22:43:06.227+0000] {taskinstance.py:430} INFO - ::endgroup::
[2026-09-21T22:43:07.026+0000] {logging_mixin.py:188} WARNING - /opt/***/dags/transaction_etl_dag.py:85 FutureWarning: Passing literal json to 'read_json' is deprecated and will be removed in a future version. To read from a literal string, wrap it in a 'StringIO' object.
[2026-09-21T22:43:07.192+0000] {logging_mixin.py:188} WARNING - /opt/***/dags/transaction_etl_dag.py:86 FutureWarning: Passing literal json to 'read_json' is deprecated and will be removed in a future version. To read from a literal string, wrap it in a 'StringIO' object.
[2026-09-21T22:43:12.160+0000] {logging_mixin.py:188} INFO - Loaded 19187 clean records -> transactions_clean
[2026-09-21T22:43:12.163+0000] {logging_mixin.py:188} INFO - Loaded 1013 rejected records -> transactions_rejected (quarantine)
[2026-09-21T22:43:12.188+0000] {python.py:237} INFO - Done. Returned value was: None
[2026-09-21T22:43:12.192+0000] {taskinstance.py:441} INFO - ::group::Post task execution logs
[2026-09-21T22:43:12.232+0000] {taskinstance.py:1206} INFO - Marking task as SUCCESS. dag_id=transaction_etl_pipeline, task_id=load, run_id=manual__2026-09-21T22:42:54.441180+00:00, execution_date=20260921T224254, start_date=20260921T224305, end_date=20260921T224312
[2026-09-21T22:43:12.335+0000] {local_task_job_runner.py:243} INFO - Task exited with return code 0
[2026-09-21T22:43:12.392+0000] {taskinstance.py:3503} INFO - 0 downstream tasks scheduled from follow-on schedule check
[2026-09-21T22:43:12.399+0000] {local_task_job_runner.py:222} INFO - ::endgroup::
