[2026-09-21T22:38:48.711+0000] {processor.py:161} INFO - Started process (PID=196) to work on /opt/airflow/dags/transaction_etl_dag.py
[2026-09-21T22:38:48.717+0000] {processor.py:830} INFO - Processing file /opt/airflow/dags/transaction_etl_dag.py for tasks to queue
[2026-09-21T22:38:48.726+0000] {logging_mixin.py:188} INFO - [2026-09-21T22:38:48.725+0000] {dagbag.py:545} INFO - Filling up the DagBag from /opt/airflow/dags/transaction_etl_dag.py
[2026-09-21T22:38:48.832+0000] {processor.py:840} INFO - DAG(s) 'transaction_etl_pipeline' retrieved from /opt/airflow/dags/transaction_etl_dag.py
[2026-09-21T22:38:49.568+0000] {logging_mixin.py:188} INFO - [2026-09-21T22:38:49.568+0000] {dag.py:3089} INFO - Sync 1 DAGs
[2026-09-21T22:38:49.621+0000] {logging_mixin.py:188} INFO - [2026-09-21T22:38:49.620+0000] {dag.py:3947} INFO - Setting next_dagrun for transaction_etl_pipeline to 2026-09-20 02:00:00+00:00, run_after=2026-09-21 02:00:00+00:00
[2026-09-21T22:38:49.682+0000] {processor.py:183} INFO - Processing /opt/airflow/dags/transaction_etl_dag.py took 0.993 seconds
[2026-09-21T22:39:20.409+0000] {processor.py:161} INFO - Started process (PID=208) to work on /opt/airflow/dags/transaction_etl_dag.py
[2026-09-21T22:39:20.414+0000] {processor.py:830} INFO - Processing file /opt/airflow/dags/transaction_etl_dag.py for tasks to queue
[2026-09-21T22:39:20.427+0000] {logging_mixin.py:188} INFO - [2026-09-21T22:39:20.425+0000] {dagbag.py:545} INFO - Filling up the DagBag from /opt/airflow/dags/transaction_etl_dag.py
[2026-09-21T22:39:20.506+0000] {processor.py:840} INFO - DAG(s) 'transaction_etl_pipeline' retrieved from /opt/airflow/dags/transaction_etl_dag.py
[2026-09-21T22:39:20.663+0000] {logging_mixin.py:188} INFO - [2026-09-21T22:39:20.662+0000] {dag.py:3089} INFO - Sync 1 DAGs
[2026-09-21T22:39:20.769+0000] {logging_mixin.py:188} INFO - [2026-09-21T22:39:20.768+0000] {dag.py:3947} INFO - Setting next_dagrun for transaction_etl_pipeline to 2026-09-20 02:00:00+00:00, run_after=2026-09-21 02:00:00+00:00
[2026-09-21T22:39:20.856+0000] {processor.py:183} INFO - Processing /opt/airflow/dags/transaction_etl_dag.py took 0.498 seconds
[2026-09-21T22:39:51.334+0000] {processor.py:161} INFO - Started process (PID=213) to work on /opt/airflow/dags/transaction_etl_dag.py
[2026-09-21T22:39:51.337+0000] {processor.py:830} INFO - Processing file /opt/airflow/dags/transaction_etl_dag.py for tasks to queue
[2026-09-21T22:39:51.341+0000] {logging_mixin.py:188} INFO - [2026-09-21T22:39:51.340+0000] {dagbag.py:545} INFO - Filling up the DagBag from /opt/airflow/dags/transaction_etl_dag.py
[2026-09-21T22:39:51.372+0000] {processor.py:840} INFO - DAG(s) 'transaction_etl_pipeline' retrieved from /opt/airflow/dags/transaction_etl_dag.py
[2026-09-21T22:39:51.438+0000] {logging_mixin.py:188} INFO - [2026-09-21T22:39:51.438+0000] {dag.py:3089} INFO - Sync 1 DAGs
[2026-09-21T22:39:51.474+0000] {logging_mixin.py:188} INFO - [2026-09-21T22:39:51.473+0000] {dag.py:3947} INFO - Setting next_dagrun for transaction_etl_pipeline to 2026-09-20 02:00:00+00:00, run_after=2026-09-21 02:00:00+00:00
[2026-09-21T22:39:51.509+0000] {processor.py:183} INFO - Processing /opt/airflow/dags/transaction_etl_dag.py took 0.186 seconds
[2026-09-21T22:40:21.799+0000] {processor.py:161} INFO - Started process (PID=226) to work on /opt/airflow/dags/transaction_etl_dag.py
[2026-09-21T22:40:21.807+0000] {processor.py:830} INFO - Processing file /opt/airflow/dags/transaction_etl_dag.py for tasks to queue
[2026-09-21T22:40:21.815+0000] {logging_mixin.py:188} INFO - [2026-09-21T22:40:21.813+0000] {dagbag.py:545} INFO - Filling up the DagBag from /opt/airflow/dags/transaction_etl_dag.py
[2026-09-21T22:40:21.859+0000] {processor.py:840} INFO - DAG(s) 'transaction_etl_pipeline' retrieved from /opt/airflow/dags/transaction_etl_dag.py
[2026-09-21T22:40:21.939+0000] {logging_mixin.py:188} INFO - [2026-09-21T22:40:21.938+0000] {dag.py:3089} INFO - Sync 1 DAGs
[2026-09-21T22:40:21.985+0000] {logging_mixin.py:188} INFO - [2026-09-21T22:40:21.985+0000] {dag.py:3947} INFO - Setting next_dagrun for transaction_etl_pipeline to 2026-09-20 02:00:00+00:00, run_after=2026-09-21 02:00:00+00:00
[2026-09-21T22:40:22.046+0000] {processor.py:183} INFO - Processing /opt/airflow/dags/transaction_etl_dag.py took 0.261 seconds
[2026-09-21T22:40:52.184+0000] {processor.py:161} INFO - Started process (PID=238) to work on /opt/airflow/dags/transaction_etl_dag.py
[2026-09-21T22:40:52.187+0000] {processor.py:830} INFO - Processing file /opt/airflow/dags/transaction_etl_dag.py for tasks to queue
[2026-09-21T22:40:52.191+0000] {logging_mixin.py:188} INFO - [2026-09-21T22:40:52.191+0000] {dagbag.py:545} INFO - Filling up the DagBag from /opt/airflow/dags/transaction_etl_dag.py
[2026-09-21T22:40:52.232+0000] {processor.py:840} INFO - DAG(s) 'transaction_etl_pipeline' retrieved from /opt/airflow/dags/transaction_etl_dag.py
[2026-09-21T22:40:52.301+0000] {logging_mixin.py:188} INFO - [2026-09-21T22:40:52.301+0000] {dag.py:3089} INFO - Sync 1 DAGs
[2026-09-21T22:40:52.345+0000] {logging_mixin.py:188} INFO - [2026-09-21T22:40:52.345+0000] {dag.py:3947} INFO - Setting next_dagrun for transaction_etl_pipeline to 2026-09-20 02:00:00+00:00, run_after=2026-09-21 02:00:00+00:00
[2026-09-21T22:40:52.388+0000] {processor.py:183} INFO - Processing /opt/airflow/dags/transaction_etl_dag.py took 0.216 seconds
[2026-09-21T22:41:22.690+0000] {processor.py:161} INFO - Started process (PID=250) to work on /opt/airflow/dags/transaction_etl_dag.py
[2026-09-21T22:41:22.694+0000] {processor.py:830} INFO - Processing file /opt/airflow/dags/transaction_etl_dag.py for tasks to queue
[2026-09-21T22:41:22.698+0000] {logging_mixin.py:188} INFO - [2026-09-21T22:41:22.698+0000] {dagbag.py:545} INFO - Filling up the DagBag from /opt/airflow/dags/transaction_etl_dag.py
[2026-09-21T22:41:22.737+0000] {processor.py:840} INFO - DAG(s) 'transaction_etl_pipeline' retrieved from /opt/airflow/dags/transaction_etl_dag.py
[2026-09-21T22:41:22.793+0000] {logging_mixin.py:188} INFO - [2026-09-21T22:41:22.792+0000] {dag.py:3089} INFO - Sync 1 DAGs
[2026-09-21T22:41:22.825+0000] {logging_mixin.py:188} INFO - [2026-09-21T22:41:22.825+0000] {dag.py:3947} INFO - Setting next_dagrun for transaction_etl_pipeline to 2026-09-20 02:00:00+00:00, run_after=2026-09-21 02:00:00+00:00
[2026-09-21T22:41:22.860+0000] {processor.py:183} INFO - Processing /opt/airflow/dags/transaction_etl_dag.py took 0.182 seconds
[2026-09-21T22:41:53.011+0000] {processor.py:161} INFO - Started process (PID=262) to work on /opt/airflow/dags/transaction_etl_dag.py
[2026-09-21T22:41:53.013+0000] {processor.py:830} INFO - Processing file /opt/airflow/dags/transaction_etl_dag.py for tasks to queue
[2026-09-21T22:41:53.017+0000] {logging_mixin.py:188} INFO - [2026-09-21T22:41:53.016+0000] {dagbag.py:545} INFO - Filling up the DagBag from /opt/airflow/dags/transaction_etl_dag.py
[2026-09-21T22:41:53.050+0000] {processor.py:840} INFO - DAG(s) 'transaction_etl_pipeline' retrieved from /opt/airflow/dags/transaction_etl_dag.py
[2026-09-21T22:41:53.118+0000] {logging_mixin.py:188} INFO - [2026-09-21T22:41:53.118+0000] {dag.py:3089} INFO - Sync 1 DAGs
[2026-09-21T22:41:53.159+0000] {logging_mixin.py:188} INFO - [2026-09-21T22:41:53.159+0000] {dag.py:3947} INFO - Setting next_dagrun for transaction_etl_pipeline to 2026-09-20 02:00:00+00:00, run_after=2026-09-21 02:00:00+00:00
[2026-09-21T22:41:53.192+0000] {processor.py:183} INFO - Processing /opt/airflow/dags/transaction_etl_dag.py took 0.191 seconds
[2026-09-21T22:42:23.463+0000] {processor.py:161} INFO - Started process (PID=274) to work on /opt/airflow/dags/transaction_etl_dag.py
[2026-09-21T22:42:23.466+0000] {processor.py:830} INFO - Processing file /opt/airflow/dags/transaction_etl_dag.py for tasks to queue
[2026-09-21T22:42:23.470+0000] {logging_mixin.py:188} INFO - [2026-09-21T22:42:23.469+0000] {dagbag.py:545} INFO - Filling up the DagBag from /opt/airflow/dags/transaction_etl_dag.py
[2026-09-21T22:42:23.501+0000] {processor.py:840} INFO - DAG(s) 'transaction_etl_pipeline' retrieved from /opt/airflow/dags/transaction_etl_dag.py
[2026-09-21T22:42:23.551+0000] {logging_mixin.py:188} INFO - [2026-09-21T22:42:23.550+0000] {dag.py:3089} INFO - Sync 1 DAGs
[2026-09-21T22:42:23.585+0000] {logging_mixin.py:188} INFO - [2026-09-21T22:42:23.584+0000] {dag.py:3947} INFO - Setting next_dagrun for transaction_etl_pipeline to 2026-09-20 02:00:00+00:00, run_after=2026-09-21 02:00:00+00:00
[2026-09-21T22:42:23.628+0000] {processor.py:183} INFO - Processing /opt/airflow/dags/transaction_etl_dag.py took 0.172 seconds
[2026-09-21T22:42:53.738+0000] {processor.py:161} INFO - Started process (PID=298) to work on /opt/airflow/dags/transaction_etl_dag.py
[2026-09-21T22:42:53.740+0000] {processor.py:830} INFO - Processing file /opt/airflow/dags/transaction_etl_dag.py for tasks to queue
[2026-09-21T22:42:53.743+0000] {logging_mixin.py:188} INFO - [2026-09-21T22:42:53.743+0000] {dagbag.py:545} INFO - Filling up the DagBag from /opt/airflow/dags/transaction_etl_dag.py
[2026-09-21T22:42:53.776+0000] {processor.py:840} INFO - DAG(s) 'transaction_etl_pipeline' retrieved from /opt/airflow/dags/transaction_etl_dag.py
[2026-09-21T22:42:53.855+0000] {logging_mixin.py:188} INFO - [2026-09-21T22:42:53.855+0000] {dag.py:3089} INFO - Sync 1 DAGs
[2026-09-21T22:42:53.916+0000] {logging_mixin.py:188} INFO - [2026-09-21T22:42:53.916+0000] {dag.py:3947} INFO - Setting next_dagrun for transaction_etl_pipeline to 2026-09-21 02:00:00+00:00, run_after=2026-09-22 02:00:00+00:00
[2026-09-21T22:42:53.968+0000] {processor.py:183} INFO - Processing /opt/airflow/dags/transaction_etl_dag.py took 0.240 seconds
[2026-09-21T22:43:24.182+0000] {processor.py:161} INFO - Started process (PID=322) to work on /opt/airflow/dags/transaction_etl_dag.py
[2026-09-21T22:43:24.185+0000] {processor.py:830} INFO - Processing file /opt/airflow/dags/transaction_etl_dag.py for tasks to queue
[2026-09-21T22:43:24.188+0000] {logging_mixin.py:188} INFO - [2026-09-21T22:43:24.187+0000] {dagbag.py:545} INFO - Filling up the DagBag from /opt/airflow/dags/transaction_etl_dag.py
[2026-09-21T22:43:24.224+0000] {processor.py:840} INFO - DAG(s) 'transaction_etl_pipeline' retrieved from /opt/airflow/dags/transaction_etl_dag.py
[2026-09-21T22:43:24.284+0000] {logging_mixin.py:188} INFO - [2026-09-21T22:43:24.284+0000] {dag.py:3089} INFO - Sync 1 DAGs
[2026-09-21T22:43:24.325+0000] {logging_mixin.py:188} INFO - [2026-09-21T22:43:24.324+0000] {dag.py:3947} INFO - Setting next_dagrun for transaction_etl_pipeline to 2026-09-21 02:00:00+00:00, run_after=2026-09-22 02:00:00+00:00
[2026-09-21T22:43:24.363+0000] {processor.py:183} INFO - Processing /opt/airflow/dags/transaction_etl_dag.py took 0.190 seconds
[2026-09-21T22:43:54.684+0000] {processor.py:161} INFO - Started process (PID=334) to work on /opt/airflow/dags/transaction_etl_dag.py
[2026-09-21T22:43:54.687+0000] {processor.py:830} INFO - Processing file /opt/airflow/dags/transaction_etl_dag.py for tasks to queue
[2026-09-21T22:43:54.693+0000] {logging_mixin.py:188} INFO - [2026-09-21T22:43:54.692+0000] {dagbag.py:545} INFO - Filling up the DagBag from /opt/airflow/dags/transaction_etl_dag.py
[2026-09-21T22:43:54.741+0000] {processor.py:840} INFO - DAG(s) 'transaction_etl_pipeline' retrieved from /opt/airflow/dags/transaction_etl_dag.py
[2026-09-21T22:43:54.811+0000] {logging_mixin.py:188} INFO - [2026-09-21T22:43:54.811+0000] {dag.py:3089} INFO - Sync 1 DAGs
[2026-09-21T22:43:54.855+0000] {logging_mixin.py:188} INFO - [2026-09-21T22:43:54.854+0000] {dag.py:3947} INFO - Setting next_dagrun for transaction_etl_pipeline to 2026-09-21 02:00:00+00:00, run_after=2026-09-22 02:00:00+00:00
[2026-09-21T22:43:54.892+0000] {processor.py:183} INFO - Processing /opt/airflow/dags/transaction_etl_dag.py took 0.225 seconds
[2026-09-21T22:44:25.068+0000] {processor.py:161} INFO - Started process (PID=339) to work on /opt/airflow/dags/transaction_etl_dag.py
[2026-09-21T22:44:25.070+0000] {processor.py:830} INFO - Processing file /opt/airflow/dags/transaction_etl_dag.py for tasks to queue
[2026-09-21T22:44:25.073+0000] {logging_mixin.py:188} INFO - [2026-09-21T22:44:25.072+0000] {dagbag.py:545} INFO - Filling up the DagBag from /opt/airflow/dags/transaction_etl_dag.py
[2026-09-21T22:44:25.103+0000] {processor.py:840} INFO - DAG(s) 'transaction_etl_pipeline' retrieved from /opt/airflow/dags/transaction_etl_dag.py
[2026-09-21T22:44:25.164+0000] {logging_mixin.py:188} INFO - [2026-09-21T22:44:25.164+0000] {dag.py:3089} INFO - Sync 1 DAGs
[2026-09-21T22:44:25.201+0000] {logging_mixin.py:188} INFO - [2026-09-21T22:44:25.200+0000] {dag.py:3947} INFO - Setting next_dagrun for transaction_etl_pipeline to 2026-09-21 02:00:00+00:00, run_after=2026-09-22 02:00:00+00:00
[2026-09-21T22:44:25.231+0000] {processor.py:183} INFO - Processing /opt/airflow/dags/transaction_etl_dag.py took 0.172 seconds
[2026-09-21T22:44:55.605+0000] {processor.py:161} INFO - Started process (PID=351) to work on /opt/airflow/dags/transaction_etl_dag.py
[2026-09-21T22:44:55.606+0000] {processor.py:830} INFO - Processing file /opt/airflow/dags/transaction_etl_dag.py for tasks to queue
[2026-09-21T22:44:55.610+0000] {logging_mixin.py:188} INFO - [2026-09-21T22:44:55.609+0000] {dagbag.py:545} INFO - Filling up the DagBag from /opt/airflow/dags/transaction_etl_dag.py
[2026-09-21T22:44:55.642+0000] {processor.py:840} INFO - DAG(s) 'transaction_etl_pipeline' retrieved from /opt/airflow/dags/transaction_etl_dag.py
[2026-09-21T22:44:55.711+0000] {logging_mixin.py:188} INFO - [2026-09-21T22:44:55.710+0000] {dag.py:3089} INFO - Sync 1 DAGs
[2026-09-21T22:44:55.791+0000] {logging_mixin.py:188} INFO - [2026-09-21T22:44:55.790+0000] {dag.py:3947} INFO - Setting next_dagrun for transaction_etl_pipeline to 2026-09-21 02:00:00+00:00, run_after=2026-09-22 02:00:00+00:00
[2026-09-21T22:44:55.836+0000] {processor.py:183} INFO - Processing /opt/airflow/dags/transaction_etl_dag.py took 0.242 seconds
[2026-09-21T22:45:25.979+0000] {processor.py:161} INFO - Started process (PID=363) to work on /opt/airflow/dags/transaction_etl_dag.py
[2026-09-21T22:45:25.982+0000] {processor.py:830} INFO - Processing file /opt/airflow/dags/transaction_etl_dag.py for tasks to queue
[2026-09-21T22:45:25.987+0000] {logging_mixin.py:188} INFO - [2026-09-21T22:45:25.986+0000] {dagbag.py:545} INFO - Filling up the DagBag from /opt/airflow/dags/transaction_etl_dag.py
[2026-09-21T22:45:26.045+0000] {processor.py:840} INFO - DAG(s) 'transaction_etl_pipeline' retrieved from /opt/airflow/dags/transaction_etl_dag.py
[2026-09-21T22:45:26.125+0000] {logging_mixin.py:188} INFO - [2026-09-21T22:45:26.125+0000] {dag.py:3089} INFO - Sync 1 DAGs
[2026-09-21T22:45:26.169+0000] {logging_mixin.py:188} INFO - [2026-09-21T22:45:26.169+0000] {dag.py:3947} INFO - Setting next_dagrun for transaction_etl_pipeline to 2026-09-21 02:00:00+00:00, run_after=2026-09-22 02:00:00+00:00
[2026-09-21T22:45:26.220+0000] {processor.py:183} INFO - Processing /opt/airflow/dags/transaction_etl_dag.py took 0.255 seconds
[2026-09-21T22:45:56.713+0000] {processor.py:161} INFO - Started process (PID=376) to work on /opt/airflow/dags/transaction_etl_dag.py
[2026-09-21T22:45:56.716+0000] {processor.py:830} INFO - Processing file /opt/airflow/dags/transaction_etl_dag.py for tasks to queue
[2026-09-21T22:45:56.720+0000] {logging_mixin.py:188} INFO - [2026-09-21T22:45:56.719+0000] {dagbag.py:545} INFO - Filling up the DagBag from /opt/airflow/dags/transaction_etl_dag.py
[2026-09-21T22:45:56.756+0000] {processor.py:840} INFO - DAG(s) 'transaction_etl_pipeline' retrieved from /opt/airflow/dags/transaction_etl_dag.py
[2026-09-21T22:45:56.819+0000] {logging_mixin.py:188} INFO - [2026-09-21T22:45:56.819+0000] {dag.py:3089} INFO - Sync 1 DAGs
[2026-09-21T22:45:56.848+0000] {logging_mixin.py:188} INFO - [2026-09-21T22:45:56.848+0000] {dag.py:3947} INFO - Setting next_dagrun for transaction_etl_pipeline to 2026-09-21 02:00:00+00:00, run_after=2026-09-22 02:00:00+00:00
[2026-09-21T22:45:56.877+0000] {processor.py:183} INFO - Processing /opt/airflow/dags/transaction_etl_dag.py took 0.175 seconds
[2026-09-21T22:46:27.040+0000] {processor.py:161} INFO - Started process (PID=388) to work on /opt/airflow/dags/transaction_etl_dag.py
[2026-09-21T22:46:27.042+0000] {processor.py:830} INFO - Processing file /opt/airflow/dags/transaction_etl_dag.py for tasks to queue
[2026-09-21T22:46:27.046+0000] {logging_mixin.py:188} INFO - [2026-09-21T22:46:27.045+0000] {dagbag.py:545} INFO - Filling up the DagBag from /opt/airflow/dags/transaction_etl_dag.py
[2026-09-21T22:46:27.078+0000] {processor.py:840} INFO - DAG(s) 'transaction_etl_pipeline' retrieved from /opt/airflow/dags/transaction_etl_dag.py
[2026-09-21T22:46:27.127+0000] {logging_mixin.py:188} INFO - [2026-09-21T22:46:27.127+0000] {dag.py:3089} INFO - Sync 1 DAGs
[2026-09-21T22:46:27.161+0000] {logging_mixin.py:188} INFO - [2026-09-21T22:46:27.161+0000] {dag.py:3947} INFO - Setting next_dagrun for transaction_etl_pipeline to 2026-09-21 02:00:00+00:00, run_after=2026-09-22 02:00:00+00:00
[2026-09-21T22:46:27.194+0000] {processor.py:183} INFO - Processing /opt/airflow/dags/transaction_etl_dag.py took 0.165 seconds
[2026-09-21T22:46:57.581+0000] {processor.py:161} INFO - Started process (PID=400) to work on /opt/airflow/dags/transaction_etl_dag.py
[2026-09-21T22:46:57.583+0000] {processor.py:830} INFO - Processing file /opt/airflow/dags/transaction_etl_dag.py for tasks to queue
[2026-09-21T22:46:57.587+0000] {logging_mixin.py:188} INFO - [2026-09-21T22:46:57.586+0000] {dagbag.py:545} INFO - Filling up the DagBag from /opt/airflow/dags/transaction_etl_dag.py
[2026-09-21T22:46:57.621+0000] {processor.py:840} INFO - DAG(s) 'transaction_etl_pipeline' retrieved from /opt/airflow/dags/transaction_etl_dag.py
[2026-09-21T22:46:57.675+0000] {logging_mixin.py:188} INFO - [2026-09-21T22:46:57.674+0000] {dag.py:3089} INFO - Sync 1 DAGs
[2026-09-21T22:46:57.711+0000] {logging_mixin.py:188} INFO - [2026-09-21T22:46:57.711+0000] {dag.py:3947} INFO - Setting next_dagrun for transaction_etl_pipeline to 2026-09-21 02:00:00+00:00, run_after=2026-09-22 02:00:00+00:00
[2026-09-21T22:46:57.741+0000] {processor.py:183} INFO - Processing /opt/airflow/dags/transaction_etl_dag.py took 0.167 seconds
[2026-09-21T22:47:27.965+0000] {processor.py:161} INFO - Started process (PID=412) to work on /opt/airflow/dags/transaction_etl_dag.py
[2026-09-21T22:47:27.969+0000] {processor.py:830} INFO - Processing file /opt/airflow/dags/transaction_etl_dag.py for tasks to queue
[2026-09-21T22:47:27.972+0000] {logging_mixin.py:188} INFO - [2026-09-21T22:47:27.972+0000] {dagbag.py:545} INFO - Filling up the DagBag from /opt/airflow/dags/transaction_etl_dag.py
[2026-09-21T22:47:28.000+0000] {processor.py:840} INFO - DAG(s) 'transaction_etl_pipeline' retrieved from /opt/airflow/dags/transaction_etl_dag.py
[2026-09-21T22:47:28.066+0000] {logging_mixin.py:188} INFO - [2026-09-21T22:47:28.065+0000] {dag.py:3089} INFO - Sync 1 DAGs
[2026-09-21T22:47:28.103+0000] {logging_mixin.py:188} INFO - [2026-09-21T22:47:28.103+0000] {dag.py:3947} INFO - Setting next_dagrun for transaction_etl_pipeline to 2026-09-21 02:00:00+00:00, run_after=2026-09-22 02:00:00+00:00
[2026-09-21T22:47:28.139+0000] {processor.py:183} INFO - Processing /opt/airflow/dags/transaction_etl_dag.py took 0.183 seconds
[2026-09-21T22:47:58.458+0000] {processor.py:161} INFO - Started process (PID=424) to work on /opt/airflow/dags/transaction_etl_dag.py
[2026-09-21T22:47:58.464+0000] {processor.py:830} INFO - Processing file /opt/airflow/dags/transaction_etl_dag.py for tasks to queue
[2026-09-21T22:47:58.469+0000] {logging_mixin.py:188} INFO - [2026-09-21T22:47:58.468+0000] {dagbag.py:545} INFO - Filling up the DagBag from /opt/airflow/dags/transaction_etl_dag.py
[2026-09-21T22:47:58.519+0000] {processor.py:840} INFO - DAG(s) 'transaction_etl_pipeline' retrieved from /opt/airflow/dags/transaction_etl_dag.py
[2026-09-21T22:47:58.579+0000] {logging_mixin.py:188} INFO - [2026-09-21T22:47:58.578+0000] {dag.py:3089} INFO - Sync 1 DAGs
[2026-09-21T22:47:58.627+0000] {logging_mixin.py:188} INFO - [2026-09-21T22:47:58.627+0000] {dag.py:3947} INFO - Setting next_dagrun for transaction_etl_pipeline to 2026-09-21 02:00:00+00:00, run_after=2026-09-22 02:00:00+00:00
[2026-09-21T22:47:58.665+0000] {processor.py:183} INFO - Processing /opt/airflow/dags/transaction_etl_dag.py took 0.222 seconds
[2026-09-21T22:48:28.882+0000] {processor.py:161} INFO - Started process (PID=436) to work on /opt/airflow/dags/transaction_etl_dag.py
[2026-09-21T22:48:28.884+0000] {processor.py:830} INFO - Processing file /opt/airflow/dags/transaction_etl_dag.py for tasks to queue
[2026-09-21T22:48:28.893+0000] {logging_mixin.py:188} INFO - [2026-09-21T22:48:28.892+0000] {dagbag.py:545} INFO - Filling up the DagBag from /opt/airflow/dags/transaction_etl_dag.py
[2026-09-21T22:48:28.938+0000] {processor.py:840} INFO - DAG(s) 'transaction_etl_pipeline' retrieved from /opt/airflow/dags/transaction_etl_dag.py
[2026-09-21T22:48:29.015+0000] {logging_mixin.py:188} INFO - [2026-09-21T22:48:29.015+0000] {dag.py:3089} INFO - Sync 1 DAGs
[2026-09-21T22:48:29.078+0000] {logging_mixin.py:188} INFO - [2026-09-21T22:48:29.078+0000] {dag.py:3947} INFO - Setting next_dagrun for transaction_etl_pipeline to 2026-09-21 02:00:00+00:00, run_after=2026-09-22 02:00:00+00:00
[2026-09-21T22:48:29.120+0000] {processor.py:183} INFO - Processing /opt/airflow/dags/transaction_etl_dag.py took 0.251 seconds
[2026-09-21T22:48:59.461+0000] {processor.py:161} INFO - Started process (PID=441) to work on /opt/airflow/dags/transaction_etl_dag.py
[2026-09-21T22:48:59.463+0000] {processor.py:830} INFO - Processing file /opt/airflow/dags/transaction_etl_dag.py for tasks to queue
[2026-09-21T22:48:59.467+0000] {logging_mixin.py:188} INFO - [2026-09-21T22:48:59.467+0000] {dagbag.py:545} INFO - Filling up the DagBag from /opt/airflow/dags/transaction_etl_dag.py
[2026-09-21T22:48:59.502+0000] {processor.py:840} INFO - DAG(s) 'transaction_etl_pipeline' retrieved from /opt/airflow/dags/transaction_etl_dag.py
[2026-09-21T22:48:59.558+0000] {logging_mixin.py:188} INFO - [2026-09-21T22:48:59.557+0000] {dag.py:3089} INFO - Sync 1 DAGs
[2026-09-21T22:48:59.597+0000] {logging_mixin.py:188} INFO - [2026-09-21T22:48:59.597+0000] {dag.py:3947} INFO - Setting next_dagrun for transaction_etl_pipeline to 2026-09-21 02:00:00+00:00, run_after=2026-09-22 02:00:00+00:00
[2026-09-21T22:48:59.633+0000] {processor.py:183} INFO - Processing /opt/airflow/dags/transaction_etl_dag.py took 0.181 seconds
[2026-09-21T22:49:29.795+0000] {processor.py:161} INFO - Started process (PID=453) to work on /opt/airflow/dags/transaction_etl_dag.py
[2026-09-21T22:49:29.796+0000] {processor.py:830} INFO - Processing file /opt/airflow/dags/transaction_etl_dag.py for tasks to queue
[2026-09-21T22:49:29.799+0000] {logging_mixin.py:188} INFO - [2026-09-21T22:49:29.799+0000] {dagbag.py:545} INFO - Filling up the DagBag from /opt/airflow/dags/transaction_etl_dag.py
[2026-09-21T22:49:29.828+0000] {processor.py:840} INFO - DAG(s) 'transaction_etl_pipeline' retrieved from /opt/airflow/dags/transaction_etl_dag.py
[2026-09-21T22:49:29.875+0000] {logging_mixin.py:188} INFO - [2026-09-21T22:49:29.875+0000] {dag.py:3089} INFO - Sync 1 DAGs
[2026-09-21T22:49:29.912+0000] {logging_mixin.py:188} INFO - [2026-09-21T22:49:29.911+0000] {dag.py:3947} INFO - Setting next_dagrun for transaction_etl_pipeline to 2026-09-21 02:00:00+00:00, run_after=2026-09-22 02:00:00+00:00
[2026-09-21T22:49:29.941+0000] {processor.py:183} INFO - Processing /opt/airflow/dags/transaction_etl_dag.py took 0.154 seconds
[2026-09-21T22:50:00.143+0000] {processor.py:161} INFO - Started process (PID=465) to work on /opt/airflow/dags/transaction_etl_dag.py
[2026-09-21T22:50:00.145+0000] {processor.py:830} INFO - Processing file /opt/airflow/dags/transaction_etl_dag.py for tasks to queue
[2026-09-21T22:50:00.148+0000] {logging_mixin.py:188} INFO - [2026-09-21T22:50:00.147+0000] {dagbag.py:545} INFO - Filling up the DagBag from /opt/airflow/dags/transaction_etl_dag.py
[2026-09-21T22:50:00.177+0000] {processor.py:840} INFO - DAG(s) 'transaction_etl_pipeline' retrieved from /opt/airflow/dags/transaction_etl_dag.py
[2026-09-21T22:50:00.243+0000] {logging_mixin.py:188} INFO - [2026-09-21T22:50:00.243+0000] {dag.py:3089} INFO - Sync 1 DAGs
[2026-09-21T22:50:00.308+0000] {logging_mixin.py:188} INFO - [2026-09-21T22:50:00.307+0000] {dag.py:3947} INFO - Setting next_dagrun for transaction_etl_pipeline to 2026-09-21 02:00:00+00:00, run_after=2026-09-22 02:00:00+00:00
[2026-09-21T22:50:00.386+0000] {processor.py:183} INFO - Processing /opt/airflow/dags/transaction_etl_dag.py took 0.252 seconds
[2026-09-21T22:50:30.704+0000] {processor.py:161} INFO - Started process (PID=477) to work on /opt/airflow/dags/transaction_etl_dag.py
[2026-09-21T22:50:30.707+0000] {processor.py:830} INFO - Processing file /opt/airflow/dags/transaction_etl_dag.py for tasks to queue
[2026-09-21T22:50:30.713+0000] {logging_mixin.py:188} INFO - [2026-09-21T22:50:30.712+0000] {dagbag.py:545} INFO - Filling up the DagBag from /opt/airflow/dags/transaction_etl_dag.py
[2026-09-21T22:50:30.764+0000] {processor.py:840} INFO - DAG(s) 'transaction_etl_pipeline' retrieved from /opt/airflow/dags/transaction_etl_dag.py
[2026-09-21T22:50:30.826+0000] {logging_mixin.py:188} INFO - [2026-09-21T22:50:30.826+0000] {dag.py:3089} INFO - Sync 1 DAGs
[2026-09-21T22:50:30.862+0000] {logging_mixin.py:188} INFO - [2026-09-21T22:50:30.861+0000] {dag.py:3947} INFO - Setting next_dagrun for transaction_etl_pipeline to 2026-09-21 02:00:00+00:00, run_after=2026-09-22 02:00:00+00:00
[2026-09-21T22:50:30.895+0000] {processor.py:183} INFO - Processing /opt/airflow/dags/transaction_etl_dag.py took 0.205 seconds
[2026-09-21T22:51:01.131+0000] {processor.py:161} INFO - Started process (PID=489) to work on /opt/airflow/dags/transaction_etl_dag.py
[2026-09-21T22:51:01.134+0000] {processor.py:830} INFO - Processing file /opt/airflow/dags/transaction_etl_dag.py for tasks to queue
[2026-09-21T22:51:01.140+0000] {logging_mixin.py:188} INFO - [2026-09-21T22:51:01.139+0000] {dagbag.py:545} INFO - Filling up the DagBag from /opt/airflow/dags/transaction_etl_dag.py
[2026-09-21T22:51:01.191+0000] {processor.py:840} INFO - DAG(s) 'transaction_etl_pipeline' retrieved from /opt/airflow/dags/transaction_etl_dag.py
[2026-09-21T22:51:01.246+0000] {logging_mixin.py:188} INFO - [2026-09-21T22:51:01.245+0000] {dag.py:3089} INFO - Sync 1 DAGs
[2026-09-21T22:51:01.282+0000] {logging_mixin.py:188} INFO - [2026-09-21T22:51:01.282+0000] {dag.py:3947} INFO - Setting next_dagrun for transaction_etl_pipeline to 2026-09-21 02:00:00+00:00, run_after=2026-09-22 02:00:00+00:00
[2026-09-21T22:51:01.321+0000] {processor.py:183} INFO - Processing /opt/airflow/dags/transaction_etl_dag.py took 0.203 seconds
[2026-09-21T22:51:31.594+0000] {processor.py:161} INFO - Started process (PID=501) to work on /opt/airflow/dags/transaction_etl_dag.py
[2026-09-21T22:51:31.597+0000] {processor.py:830} INFO - Processing file /opt/airflow/dags/transaction_etl_dag.py for tasks to queue
[2026-09-21T22:51:31.603+0000] {logging_mixin.py:188} INFO - [2026-09-21T22:51:31.602+0000] {dagbag.py:545} INFO - Filling up the DagBag from /opt/airflow/dags/transaction_etl_dag.py
[2026-09-21T22:51:31.642+0000] {processor.py:840} INFO - DAG(s) 'transaction_etl_pipeline' retrieved from /opt/airflow/dags/transaction_etl_dag.py
[2026-09-21T22:51:31.710+0000] {logging_mixin.py:188} INFO - [2026-09-21T22:51:31.709+0000] {dag.py:3089} INFO - Sync 1 DAGs
[2026-09-21T22:51:31.753+0000] {logging_mixin.py:188} INFO - [2026-09-21T22:51:31.753+0000] {dag.py:3947} INFO - Setting next_dagrun for transaction_etl_pipeline to 2026-09-21 02:00:00+00:00, run_after=2026-09-22 02:00:00+00:00
[2026-09-21T22:51:31.784+0000] {processor.py:183} INFO - Processing /opt/airflow/dags/transaction_etl_dag.py took 0.205 seconds
[2026-09-21T22:52:01.942+0000] {processor.py:161} INFO - Started process (PID=513) to work on /opt/airflow/dags/transaction_etl_dag.py
[2026-09-21T22:52:01.944+0000] {processor.py:830} INFO - Processing file /opt/airflow/dags/transaction_etl_dag.py for tasks to queue
[2026-09-21T22:52:01.947+0000] {logging_mixin.py:188} INFO - [2026-09-21T22:52:01.946+0000] {dagbag.py:545} INFO - Filling up the DagBag from /opt/airflow/dags/transaction_etl_dag.py
[2026-09-21T22:52:01.979+0000] {processor.py:840} INFO - DAG(s) 'transaction_etl_pipeline' retrieved from /opt/airflow/dags/transaction_etl_dag.py
[2026-09-21T22:52:02.027+0000] {logging_mixin.py:188} INFO - [2026-09-21T22:52:02.027+0000] {dag.py:3089} INFO - Sync 1 DAGs
[2026-09-21T22:52:02.059+0000] {logging_mixin.py:188} INFO - [2026-09-21T22:52:02.059+0000] {dag.py:3947} INFO - Setting next_dagrun for transaction_etl_pipeline to 2026-09-21 02:00:00+00:00, run_after=2026-09-22 02:00:00+00:00
[2026-09-21T22:52:02.091+0000] {processor.py:183} INFO - Processing /opt/airflow/dags/transaction_etl_dag.py took 0.158 seconds
[2026-09-21T22:52:32.442+0000] {processor.py:161} INFO - Started process (PID=525) to work on /opt/airflow/dags/transaction_etl_dag.py
[2026-09-21T22:52:32.444+0000] {processor.py:830} INFO - Processing file /opt/airflow/dags/transaction_etl_dag.py for tasks to queue
[2026-09-21T22:52:32.446+0000] {logging_mixin.py:188} INFO - [2026-09-21T22:52:32.446+0000] {dagbag.py:545} INFO - Filling up the DagBag from /opt/airflow/dags/transaction_etl_dag.py
[2026-09-21T22:52:32.476+0000] {processor.py:840} INFO - DAG(s) 'transaction_etl_pipeline' retrieved from /opt/airflow/dags/transaction_etl_dag.py
[2026-09-21T22:52:32.521+0000] {logging_mixin.py:188} INFO - [2026-09-21T22:52:32.520+0000] {dag.py:3089} INFO - Sync 1 DAGs
[2026-09-21T22:52:32.628+0000] {logging_mixin.py:188} INFO - [2026-09-21T22:52:32.627+0000] {dag.py:3947} INFO - Setting next_dagrun for transaction_etl_pipeline to 2026-09-21 02:00:00+00:00, run_after=2026-09-22 02:00:00+00:00
[2026-09-21T22:52:32.660+0000] {processor.py:183} INFO - Processing /opt/airflow/dags/transaction_etl_dag.py took 0.226 seconds
[2026-09-21T22:53:02.826+0000] {processor.py:161} INFO - Started process (PID=537) to work on /opt/airflow/dags/transaction_etl_dag.py
[2026-09-21T22:53:02.829+0000] {processor.py:830} INFO - Processing file /opt/airflow/dags/transaction_etl_dag.py for tasks to queue
[2026-09-21T22:53:02.834+0000] {logging_mixin.py:188} INFO - [2026-09-21T22:53:02.833+0000] {dagbag.py:545} INFO - Filling up the DagBag from /opt/airflow/dags/transaction_etl_dag.py
[2026-09-21T22:53:02.873+0000] {processor.py:840} INFO - DAG(s) 'transaction_etl_pipeline' retrieved from /opt/airflow/dags/transaction_etl_dag.py
[2026-09-21T22:53:02.947+0000] {logging_mixin.py:188} INFO - [2026-09-21T22:53:02.946+0000] {dag.py:3089} INFO - Sync 1 DAGs
[2026-09-21T22:53:02.995+0000] {logging_mixin.py:188} INFO - [2026-09-21T22:53:02.995+0000] {dag.py:3947} INFO - Setting next_dagrun for transaction_etl_pipeline to 2026-09-21 02:00:00+00:00, run_after=2026-09-22 02:00:00+00:00
[2026-09-21T22:53:03.037+0000] {processor.py:183} INFO - Processing /opt/airflow/dags/transaction_etl_dag.py took 0.228 seconds
[2026-09-21T22:53:33.498+0000] {processor.py:161} INFO - Started process (PID=554) to work on /opt/airflow/dags/transaction_etl_dag.py
[2026-09-21T22:53:33.501+0000] {processor.py:830} INFO - Processing file /opt/airflow/dags/transaction_etl_dag.py for tasks to queue
[2026-09-21T22:53:33.508+0000] {logging_mixin.py:188} INFO - [2026-09-21T22:53:33.507+0000] {dagbag.py:545} INFO - Filling up the DagBag from /opt/airflow/dags/transaction_etl_dag.py
[2026-09-21T22:53:33.562+0000] {processor.py:840} INFO - DAG(s) 'transaction_etl_pipeline' retrieved from /opt/airflow/dags/transaction_etl_dag.py
[2026-09-21T22:53:33.669+0000] {logging_mixin.py:188} INFO - [2026-09-21T22:53:33.668+0000] {dag.py:3089} INFO - Sync 1 DAGs
[2026-09-21T22:53:33.794+0000] {logging_mixin.py:188} INFO - [2026-09-21T22:53:33.793+0000] {dag.py:3947} INFO - Setting next_dagrun for transaction_etl_pipeline to 2026-09-21 02:00:00+00:00, run_after=2026-09-22 02:00:00+00:00
[2026-09-21T22:53:33.849+0000] {processor.py:183} INFO - Processing /opt/airflow/dags/transaction_etl_dag.py took 0.361 seconds
[2026-09-21T22:54:04.172+0000] {processor.py:161} INFO - Started process (PID=566) to work on /opt/airflow/dags/transaction_etl_dag.py
[2026-09-21T22:54:04.174+0000] {processor.py:830} INFO - Processing file /opt/airflow/dags/transaction_etl_dag.py for tasks to queue
[2026-09-21T22:54:04.178+0000] {logging_mixin.py:188} INFO - [2026-09-21T22:54:04.177+0000] {dagbag.py:545} INFO - Filling up the DagBag from /opt/airflow/dags/transaction_etl_dag.py
[2026-09-21T22:54:04.217+0000] {processor.py:840} INFO - DAG(s) 'transaction_etl_pipeline' retrieved from /opt/airflow/dags/transaction_etl_dag.py
[2026-09-21T22:54:04.277+0000] {logging_mixin.py:188} INFO - [2026-09-21T22:54:04.277+0000] {dag.py:3089} INFO - Sync 1 DAGs
[2026-09-21T22:54:04.318+0000] {logging_mixin.py:188} INFO - [2026-09-21T22:54:04.318+0000] {dag.py:3947} INFO - Setting next_dagrun for transaction_etl_pipeline to 2026-09-21 02:00:00+00:00, run_after=2026-09-22 02:00:00+00:00
[2026-09-21T22:54:04.354+0000] {processor.py:183} INFO - Processing /opt/airflow/dags/transaction_etl_dag.py took 0.193 seconds
[2026-09-21T22:54:34.586+0000] {processor.py:161} INFO - Started process (PID=578) to work on /opt/airflow/dags/transaction_etl_dag.py
[2026-09-21T22:54:34.590+0000] {processor.py:830} INFO - Processing file /opt/airflow/dags/transaction_etl_dag.py for tasks to queue
[2026-09-21T22:54:34.595+0000] {logging_mixin.py:188} INFO - [2026-09-21T22:54:34.594+0000] {dagbag.py:545} INFO - Filling up the DagBag from /opt/airflow/dags/transaction_etl_dag.py
[2026-09-21T22:54:34.635+0000] {processor.py:840} INFO - DAG(s) 'transaction_etl_pipeline' retrieved from /opt/airflow/dags/transaction_etl_dag.py
[2026-09-21T22:54:34.719+0000] {logging_mixin.py:188} INFO - [2026-09-21T22:54:34.718+0000] {dag.py:3089} INFO - Sync 1 DAGs
[2026-09-21T22:54:34.780+0000] {logging_mixin.py:188} INFO - [2026-09-21T22:54:34.779+0000] {dag.py:3947} INFO - Setting next_dagrun for transaction_etl_pipeline to 2026-09-21 02:00:00+00:00, run_after=2026-09-22 02:00:00+00:00
[2026-09-21T22:54:34.849+0000] {processor.py:183} INFO - Processing /opt/airflow/dags/transaction_etl_dag.py took 0.277 seconds
[2026-09-21T22:55:05.552+0000] {processor.py:161} INFO - Started process (PID=590) to work on /opt/airflow/dags/transaction_etl_dag.py
[2026-09-21T22:55:05.554+0000] {processor.py:830} INFO - Processing file /opt/airflow/dags/transaction_etl_dag.py for tasks to queue
[2026-09-21T22:55:05.558+0000] {logging_mixin.py:188} INFO - [2026-09-21T22:55:05.557+0000] {dagbag.py:545} INFO - Filling up the DagBag from /opt/airflow/dags/transaction_etl_dag.py
[2026-09-21T22:55:05.607+0000] {processor.py:840} INFO - DAG(s) 'transaction_etl_pipeline' retrieved from /opt/airflow/dags/transaction_etl_dag.py
[2026-09-21T22:55:05.686+0000] {logging_mixin.py:188} INFO - [2026-09-21T22:55:05.685+0000] {dag.py:3089} INFO - Sync 1 DAGs
[2026-09-21T22:55:05.741+0000] {logging_mixin.py:188} INFO - [2026-09-21T22:55:05.741+0000] {dag.py:3947} INFO - Setting next_dagrun for transaction_etl_pipeline to 2026-09-21 02:00:00+00:00, run_after=2026-09-22 02:00:00+00:00
[2026-09-21T22:55:05.799+0000] {processor.py:183} INFO - Processing /opt/airflow/dags/transaction_etl_dag.py took 0.262 seconds
[2026-09-21T22:55:35.887+0000] {processor.py:161} INFO - Started process (PID=602) to work on /opt/airflow/dags/transaction_etl_dag.py
[2026-09-21T22:55:35.889+0000] {processor.py:830} INFO - Processing file /opt/airflow/dags/transaction_etl_dag.py for tasks to queue
[2026-09-21T22:55:35.893+0000] {logging_mixin.py:188} INFO - [2026-09-21T22:55:35.892+0000] {dagbag.py:545} INFO - Filling up the DagBag from /opt/airflow/dags/transaction_etl_dag.py
[2026-09-21T22:55:35.930+0000] {processor.py:840} INFO - DAG(s) 'transaction_etl_pipeline' retrieved from /opt/airflow/dags/transaction_etl_dag.py
[2026-09-21T22:55:35.997+0000] {logging_mixin.py:188} INFO - [2026-09-21T22:55:35.996+0000] {dag.py:3089} INFO - Sync 1 DAGs
[2026-09-21T22:55:36.042+0000] {logging_mixin.py:188} INFO - [2026-09-21T22:55:36.042+0000] {dag.py:3947} INFO - Setting next_dagrun for transaction_etl_pipeline to 2026-09-21 02:00:00+00:00, run_after=2026-09-22 02:00:00+00:00
[2026-09-21T22:55:36.084+0000] {processor.py:183} INFO - Processing /opt/airflow/dags/transaction_etl_dag.py took 0.207 seconds
[2026-09-21T22:56:06.256+0000] {processor.py:161} INFO - Started process (PID=614) to work on /opt/airflow/dags/transaction_etl_dag.py
[2026-09-21T22:56:06.260+0000] {processor.py:830} INFO - Processing file /opt/airflow/dags/transaction_etl_dag.py for tasks to queue
[2026-09-21T22:56:06.265+0000] {logging_mixin.py:188} INFO - [2026-09-21T22:56:06.264+0000] {dagbag.py:545} INFO - Filling up the DagBag from /opt/airflow/dags/transaction_etl_dag.py
[2026-09-21T22:56:06.305+0000] {processor.py:840} INFO - DAG(s) 'transaction_etl_pipeline' retrieved from /opt/airflow/dags/transaction_etl_dag.py
[2026-09-21T22:56:06.377+0000] {logging_mixin.py:188} INFO - [2026-09-21T22:56:06.376+0000] {dag.py:3089} INFO - Sync 1 DAGs
[2026-09-21T22:56:06.431+0000] {logging_mixin.py:188} INFO - [2026-09-21T22:56:06.430+0000] {dag.py:3947} INFO - Setting next_dagrun for transaction_etl_pipeline to 2026-09-21 02:00:00+00:00, run_after=2026-09-22 02:00:00+00:00
[2026-09-21T22:56:06.478+0000] {processor.py:183} INFO - Processing /opt/airflow/dags/transaction_etl_dag.py took 0.233 seconds
[2026-09-21T22:56:36.957+0000] {processor.py:161} INFO - Started process (PID=619) to work on /opt/airflow/dags/transaction_etl_dag.py
[2026-09-21T22:56:36.960+0000] {processor.py:830} INFO - Processing file /opt/airflow/dags/transaction_etl_dag.py for tasks to queue
[2026-09-21T22:56:36.964+0000] {logging_mixin.py:188} INFO - [2026-09-21T22:56:36.964+0000] {dagbag.py:545} INFO - Filling up the DagBag from /opt/airflow/dags/transaction_etl_dag.py
[2026-09-21T22:56:37.013+0000] {processor.py:840} INFO - DAG(s) 'transaction_etl_pipeline' retrieved from /opt/airflow/dags/transaction_etl_dag.py
[2026-09-21T22:56:37.075+0000] {logging_mixin.py:188} INFO - [2026-09-21T22:56:37.075+0000] {dag.py:3089} INFO - Sync 1 DAGs
[2026-09-21T22:56:37.117+0000] {logging_mixin.py:188} INFO - [2026-09-21T22:56:37.116+0000] {dag.py:3947} INFO - Setting next_dagrun for transaction_etl_pipeline to 2026-09-21 02:00:00+00:00, run_after=2026-09-22 02:00:00+00:00
[2026-09-21T22:56:37.164+0000] {processor.py:183} INFO - Processing /opt/airflow/dags/transaction_etl_dag.py took 0.221 seconds
[2026-09-21T22:57:07.653+0000] {processor.py:161} INFO - Started process (PID=631) to work on /opt/airflow/dags/transaction_etl_dag.py
[2026-09-21T22:57:07.660+0000] {processor.py:830} INFO - Processing file /opt/airflow/dags/transaction_etl_dag.py for tasks to queue
[2026-09-21T22:57:07.670+0000] {logging_mixin.py:188} INFO - [2026-09-21T22:57:07.668+0000] {dagbag.py:545} INFO - Filling up the DagBag from /opt/airflow/dags/transaction_etl_dag.py
[2026-09-21T22:57:07.772+0000] {processor.py:840} INFO - DAG(s) 'transaction_etl_pipeline' retrieved from /opt/airflow/dags/transaction_etl_dag.py
[2026-09-21T22:57:07.965+0000] {logging_mixin.py:188} INFO - [2026-09-21T22:57:07.964+0000] {dag.py:3089} INFO - Sync 1 DAGs
[2026-09-21T22:57:08.090+0000] {logging_mixin.py:188} INFO - [2026-09-21T22:57:08.089+0000] {dag.py:3947} INFO - Setting next_dagrun for transaction_etl_pipeline to 2026-09-21 02:00:00+00:00, run_after=2026-09-22 02:00:00+00:00
[2026-09-21T22:57:08.185+0000] {processor.py:183} INFO - Processing /opt/airflow/dags/transaction_etl_dag.py took 0.562 seconds
[2026-09-21T22:57:38.780+0000] {processor.py:161} INFO - Started process (PID=643) to work on /opt/airflow/dags/transaction_etl_dag.py
[2026-09-21T22:57:38.788+0000] {processor.py:830} INFO - Processing file /opt/airflow/dags/transaction_etl_dag.py for tasks to queue
[2026-09-21T22:57:38.805+0000] {logging_mixin.py:188} INFO - [2026-09-21T22:57:38.802+0000] {dagbag.py:545} INFO - Filling up the DagBag from /opt/airflow/dags/transaction_etl_dag.py
[2026-09-21T22:57:38.982+0000] {processor.py:840} INFO - DAG(s) 'transaction_etl_pipeline' retrieved from /opt/airflow/dags/transaction_etl_dag.py
[2026-09-21T22:57:39.097+0000] {logging_mixin.py:188} INFO - [2026-09-21T22:57:39.096+0000] {dag.py:3089} INFO - Sync 1 DAGs
[2026-09-21T22:57:39.144+0000] {logging_mixin.py:188} INFO - [2026-09-21T22:57:39.143+0000] {dag.py:3947} INFO - Setting next_dagrun for transaction_etl_pipeline to 2026-09-21 02:00:00+00:00, run_after=2026-09-22 02:00:00+00:00
[2026-09-21T22:57:39.214+0000] {processor.py:183} INFO - Processing /opt/airflow/dags/transaction_etl_dag.py took 0.482 seconds
[2026-09-21T22:58:09.511+0000] {processor.py:161} INFO - Started process (PID=656) to work on /opt/airflow/dags/transaction_etl_dag.py
[2026-09-21T22:58:09.516+0000] {processor.py:830} INFO - Processing file /opt/airflow/dags/transaction_etl_dag.py for tasks to queue
[2026-09-21T22:58:09.525+0000] {logging_mixin.py:188} INFO - [2026-09-21T22:58:09.524+0000] {dagbag.py:545} INFO - Filling up the DagBag from /opt/airflow/dags/transaction_etl_dag.py
[2026-09-21T22:58:09.619+0000] {processor.py:840} INFO - DAG(s) 'transaction_etl_pipeline' retrieved from /opt/airflow/dags/transaction_etl_dag.py
[2026-09-21T22:58:09.778+0000] {logging_mixin.py:188} INFO - [2026-09-21T22:58:09.777+0000] {dag.py:3089} INFO - Sync 1 DAGs
[2026-09-21T22:58:09.846+0000] {logging_mixin.py:188} INFO - [2026-09-21T22:58:09.845+0000] {dag.py:3947} INFO - Setting next_dagrun for transaction_etl_pipeline to 2026-09-21 02:00:00+00:00, run_after=2026-09-22 02:00:00+00:00
[2026-09-21T22:58:09.909+0000] {processor.py:183} INFO - Processing /opt/airflow/dags/transaction_etl_dag.py took 0.420 seconds
[2026-09-21T22:58:40.161+0000] {processor.py:161} INFO - Started process (PID=668) to work on /opt/airflow/dags/transaction_etl_dag.py
[2026-09-21T22:58:40.167+0000] {processor.py:830} INFO - Processing file /opt/airflow/dags/transaction_etl_dag.py for tasks to queue
[2026-09-21T22:58:40.176+0000] {logging_mixin.py:188} INFO - [2026-09-21T22:58:40.174+0000] {dagbag.py:545} INFO - Filling up the DagBag from /opt/airflow/dags/transaction_etl_dag.py
[2026-09-21T22:58:40.272+0000] {processor.py:840} INFO - DAG(s) 'transaction_etl_pipeline' retrieved from /opt/airflow/dags/transaction_etl_dag.py
[2026-09-21T22:58:40.427+0000] {logging_mixin.py:188} INFO - [2026-09-21T22:58:40.426+0000] {dag.py:3089} INFO - Sync 1 DAGs
[2026-09-21T22:58:40.547+0000] {logging_mixin.py:188} INFO - [2026-09-21T22:58:40.546+0000] {dag.py:3947} INFO - Setting next_dagrun for transaction_etl_pipeline to 2026-09-21 02:00:00+00:00, run_after=2026-09-22 02:00:00+00:00
[2026-09-21T22:58:40.672+0000] {processor.py:183} INFO - Processing /opt/airflow/dags/transaction_etl_dag.py took 0.535 seconds
[2026-09-21T22:59:11.356+0000] {processor.py:161} INFO - Started process (PID=680) to work on /opt/airflow/dags/transaction_etl_dag.py
[2026-09-21T22:59:11.361+0000] {processor.py:830} INFO - Processing file /opt/airflow/dags/transaction_etl_dag.py for tasks to queue
[2026-09-21T22:59:11.370+0000] {logging_mixin.py:188} INFO - [2026-09-21T22:59:11.369+0000] {dagbag.py:545} INFO - Filling up the DagBag from /opt/airflow/dags/transaction_etl_dag.py
[2026-09-21T22:59:11.476+0000] {processor.py:840} INFO - DAG(s) 'transaction_etl_pipeline' retrieved from /opt/airflow/dags/transaction_etl_dag.py
[2026-09-21T22:59:11.646+0000] {logging_mixin.py:188} INFO - [2026-09-21T22:59:11.645+0000] {dag.py:3089} INFO - Sync 1 DAGs
[2026-09-21T22:59:11.785+0000] {logging_mixin.py:188} INFO - [2026-09-21T22:59:11.784+0000] {dag.py:3947} INFO - Setting next_dagrun for transaction_etl_pipeline to 2026-09-21 02:00:00+00:00, run_after=2026-09-22 02:00:00+00:00
[2026-09-21T22:59:11.875+0000] {processor.py:183} INFO - Processing /opt/airflow/dags/transaction_etl_dag.py took 0.543 seconds
[2026-09-21T22:59:42.140+0000] {processor.py:161} INFO - Started process (PID=692) to work on /opt/airflow/dags/transaction_etl_dag.py
[2026-09-21T22:59:42.143+0000] {processor.py:830} INFO - Processing file /opt/airflow/dags/transaction_etl_dag.py for tasks to queue
[2026-09-21T22:59:42.147+0000] {logging_mixin.py:188} INFO - [2026-09-21T22:59:42.147+0000] {dagbag.py:545} INFO - Filling up the DagBag from /opt/airflow/dags/transaction_etl_dag.py
[2026-09-21T22:59:42.181+0000] {processor.py:840} INFO - DAG(s) 'transaction_etl_pipeline' retrieved from /opt/airflow/dags/transaction_etl_dag.py
[2026-09-21T22:59:42.240+0000] {logging_mixin.py:188} INFO - [2026-09-21T22:59:42.240+0000] {dag.py:3089} INFO - Sync 1 DAGs
[2026-09-21T22:59:42.289+0000] {logging_mixin.py:188} INFO - [2026-09-21T22:59:42.288+0000] {dag.py:3947} INFO - Setting next_dagrun for transaction_etl_pipeline to 2026-09-21 02:00:00+00:00, run_after=2026-09-22 02:00:00+00:00
[2026-09-21T22:59:42.336+0000] {processor.py:183} INFO - Processing /opt/airflow/dags/transaction_etl_dag.py took 0.211 seconds
[2026-09-21T23:00:12.957+0000] {processor.py:161} INFO - Started process (PID=697) to work on /opt/airflow/dags/transaction_etl_dag.py
[2026-09-21T23:00:12.959+0000] {processor.py:830} INFO - Processing file /opt/airflow/dags/transaction_etl_dag.py for tasks to queue
[2026-09-21T23:00:12.963+0000] {logging_mixin.py:188} INFO - [2026-09-21T23:00:12.963+0000] {dagbag.py:545} INFO - Filling up the DagBag from /opt/airflow/dags/transaction_etl_dag.py
[2026-09-21T23:00:13.009+0000] {processor.py:840} INFO - DAG(s) 'transaction_etl_pipeline' retrieved from /opt/airflow/dags/transaction_etl_dag.py
[2026-09-21T23:00:13.210+0000] {logging_mixin.py:188} INFO - [2026-09-21T23:00:13.209+0000] {dag.py:3089} INFO - Sync 1 DAGs
[2026-09-21T23:00:13.280+0000] {logging_mixin.py:188} INFO - [2026-09-21T23:00:13.279+0000] {dag.py:3947} INFO - Setting next_dagrun for transaction_etl_pipeline to 2026-09-21 02:00:00+00:00, run_after=2026-09-22 02:00:00+00:00
[2026-09-21T23:00:13.333+0000] {processor.py:183} INFO - Processing /opt/airflow/dags/transaction_etl_dag.py took 0.390 seconds
