[2026-09-21T22:42:42.381+0000] {local_task_job_runner.py:120} INFO - ::group::Pre task execution logs
[2026-09-21T22:42:42.459+0000] {taskinstance.py:2076} INFO - Dependencies all met for dep_context=non-requeueable deps ti=<TaskInstance: transaction_etl_pipeline.load scheduled__2026-09-20T02:00:00+00:00 [queued]>
[2026-09-21T22:42:42.471+0000] {taskinstance.py:2076} INFO - Dependencies all met for dep_context=requeueable deps ti=<TaskInstance: transaction_etl_pipeline.load scheduled__2026-09-20T02:00:00+00:00 [queued]>
[2026-09-21T22:42:42.473+0000] {taskinstance.py:2306} INFO - Starting attempt 1 of 1
[2026-09-21T22:42:42.491+0000] {taskinstance.py:2330} INFO - Executing <Task(_PythonDecoratedOperator): load> on 2026-09-20 02:00:00+00:00
[2026-09-21T22:42:42.501+0000] {standard_task_runner.py:90} INFO - Running: ['***', 'tasks', 'run', 'transaction_etl_pipeline', 'load', 'scheduled__2026-09-20T02:00:00+00:00', '--job-id', '5', '--raw', '--subdir', 'DAGS_FOLDER/transaction_etl_dag.py', '--cfg-path', '/tmp/tmp86lbmlxd']
[2026-09-21T22:42:42.506+0000] {standard_task_runner.py:91} INFO - Job 5: Subtask load
[2026-09-21T22:42:42.507+0000] {logging_mixin.py:188} WARNING - /home/***/.local/lib/python3.12/site-packages/***/task/task_runner/standard_task_runner.py:62 DeprecationWarning: This process (pid=288) is multi-threaded, use of fork() may lead to deadlocks in the child.
[2026-09-21T22:42:42.508+0000] {standard_task_runner.py:64} INFO - Started process 289 to run task
[2026-09-21T22:42:42.572+0000] {task_command.py:426} INFO - Running <TaskInstance: transaction_etl_pipeline.load scheduled__2026-09-20T02:00:00+00:00 [running]> on host 96c762a6c37c
[2026-09-21T22:42:42.918+0000] {taskinstance.py:2648} INFO - Exporting env vars: AIRFLOW_CTX_DAG_OWNER='***' AIRFLOW_CTX_DAG_ID='transaction_etl_pipeline' AIRFLOW_CTX_TASK_ID='load' AIRFLOW_CTX_EXECUTION_DATE='2026-09-20T02:00:00+00:00' AIRFLOW_CTX_TRY_NUMBER='1' AIRFLOW_CTX_DAG_RUN_ID='scheduled__2026-09-20T02:00:00+00:00'
[2026-09-21T22:42:42.920+0000] {taskinstance.py:430} INFO - ::endgroup::
[2026-09-21T22:42:43.636+0000] {logging_mixin.py:188} WARNING - /opt/***/dags/transaction_etl_dag.py:85 FutureWarning: Passing literal json to 'read_json' is deprecated and will be removed in a future version. To read from a literal string, wrap it in a 'StringIO' object.
[2026-09-21T22:42:43.828+0000] {logging_mixin.py:188} WARNING - /opt/***/dags/transaction_etl_dag.py:86 FutureWarning: Passing literal json to 'read_json' is deprecated and will be removed in a future version. To read from a literal string, wrap it in a 'StringIO' object.
[2026-09-21T22:42:44.495+0000] {logging_mixin.py:188} INFO - Loaded 19187 clean records -> transactions_clean
[2026-09-21T22:42:44.497+0000] {logging_mixin.py:188} INFO - Loaded 1013 rejected records -> transactions_rejected (quarantine)
[2026-09-21T22:42:44.506+0000] {python.py:237} INFO - Done. Returned value was: None
[2026-09-21T22:42:44.507+0000] {taskinstance.py:441} INFO - ::group::Post task execution logs
[2026-09-21T22:42:44.522+0000] {taskinstance.py:1206} INFO - Marking task as SUCCESS. dag_id=transaction_etl_pipeline, task_id=load, run_id=scheduled__2026-09-20T02:00:00+00:00, execution_date=20260920T020000, start_date=20260921T224242, end_date=20260921T224244
[2026-09-21T22:42:44.569+0000] {local_task_job_runner.py:243} INFO - Task exited with return code 0
[2026-09-21T22:42:44.591+0000] {taskinstance.py:3503} INFO - 0 downstream tasks scheduled from follow-on schedule check
[2026-09-21T22:42:44.595+0000] {local_task_job_runner.py:222} INFO - ::endgroup::
