[2026-09-21T22:53:21.137+0000] {local_task_job_runner.py:120} INFO - ::group::Pre task execution logs
[2026-09-21T22:53:21.195+0000] {taskinstance.py:2076} INFO - Dependencies all met for dep_context=non-requeueable deps ti=<TaskInstance: transaction_etl_pipeline.load manual__2026-09-21T22:53:11.076811+00:00 [queued]>
[2026-09-21T22:53:21.207+0000] {taskinstance.py:2076} INFO - Dependencies all met for dep_context=requeueable deps ti=<TaskInstance: transaction_etl_pipeline.load manual__2026-09-21T22:53:11.076811+00:00 [queued]>
[2026-09-21T22:53:21.209+0000] {taskinstance.py:2306} INFO - Starting attempt 1 of 1
[2026-09-21T22:53:21.227+0000] {taskinstance.py:2330} INFO - Executing <Task(_PythonDecoratedOperator): load> on 2026-09-21 22:53:11.076811+00:00
[2026-09-21T22:53:21.237+0000] {standard_task_runner.py:90} INFO - Running: ['***', 'tasks', 'run', 'transaction_etl_pipeline', 'load', 'manual__2026-09-21T22:53:11.076811+00:00', '--job-id', '13', '--raw', '--subdir', 'DAGS_FOLDER/transaction_etl_dag.py', '--cfg-path', '/tmp/tmp_dyvuy46']
[2026-09-21T22:53:21.241+0000] {standard_task_runner.py:91} INFO - Job 13: Subtask load
[2026-09-21T22:53:21.243+0000] {logging_mixin.py:188} WARNING - /home/***/.local/lib/python3.12/site-packages/***/task/task_runner/standard_task_runner.py:62 DeprecationWarning: This process (pid=551) is multi-threaded, use of fork() may lead to deadlocks in the child.
[2026-09-21T22:53:21.246+0000] {standard_task_runner.py:64} INFO - Started process 552 to run task
[2026-09-21T22:53:21.311+0000] {task_command.py:426} INFO - Running <TaskInstance: transaction_etl_pipeline.load manual__2026-09-21T22:53:11.076811+00:00 [running]> on host 96c762a6c37c
[2026-09-21T22:53:21.659+0000] {taskinstance.py:2648} INFO - Exporting env vars: AIRFLOW_CTX_DAG_OWNER='***' AIRFLOW_CTX_DAG_ID='transaction_etl_pipeline' AIRFLOW_CTX_TASK_ID='load' AIRFLOW_CTX_EXECUTION_DATE='2026-09-21T22:53:11.076811+00:00' AIRFLOW_CTX_TRY_NUMBER='1' AIRFLOW_CTX_DAG_RUN_ID='manual__2026-09-21T22:53:11.076811+00:00'
[2026-09-21T22:53:21.661+0000] {taskinstance.py:430} INFO - ::endgroup::
[2026-09-21T22:53:22.298+0000] {logging_mixin.py:188} WARNING - /opt/***/dags/transaction_etl_dag.py:85 FutureWarning: Passing literal json to 'read_json' is deprecated and will be removed in a future version. To read from a literal string, wrap it in a 'StringIO' object.
[2026-09-21T22:53:22.514+0000] {logging_mixin.py:188} WARNING - /opt/***/dags/transaction_etl_dag.py:86 FutureWarning: Passing literal json to 'read_json' is deprecated and will be removed in a future version. To read from a literal string, wrap it in a 'StringIO' object.
[2026-09-21T22:53:25.129+0000] {logging_mixin.py:188} INFO - Loaded 19187 clean records -> transactions_clean
[2026-09-21T22:53:25.130+0000] {logging_mixin.py:188} INFO - Loaded 1013 rejected records -> transactions_rejected (quarantine)
[2026-09-21T22:53:25.137+0000] {python.py:237} INFO - Done. Returned value was: None
[2026-09-21T22:53:25.139+0000] {taskinstance.py:441} INFO - ::group::Post task execution logs
[2026-09-21T22:53:25.154+0000] {taskinstance.py:1206} INFO - Marking task as SUCCESS. dag_id=transaction_etl_pipeline, task_id=load, run_id=manual__2026-09-21T22:53:11.076811+00:00, execution_date=20260921T225311, start_date=20260921T225321, end_date=20260921T225325
[2026-09-21T22:53:25.200+0000] {local_task_job_runner.py:243} INFO - Task exited with return code 0
[2026-09-21T22:53:25.229+0000] {taskinstance.py:3503} INFO - 0 downstream tasks scheduled from follow-on schedule check
[2026-09-21T22:53:25.234+0000] {local_task_job_runner.py:222} INFO - ::endgroup::
